\i. \d
    - (i-1)%3
            - ((i-1)-d)
                      - x1[(i-1),d]
                      - 1.0
                      - x1[(i-1),d]
            - ((i-1)-(d+1))
                          - ((i-1)-d)
                                    - x1[(i-1),d]
                                    - 1.0
                                    - x1[(i-1),d]
                          - 2.0
                          - ((i-1)-d)
                                    - x1[(i-1),d]
                                    - 1.0
                                    - x1[(i-1),d]
- i
  - ⊥
  - x[d]
  - x2[(i-1),d]
\i. \d
    - i
      - ⊥
      - x[d]
      - (i-1)%3
              - ((i-1)-d)
                        - x1[(i-1),d]
                        - 1.0
                        - x1[(i-1),d]
              - ((i-1)-(d+1))
                            - ((i-1)-d)
                                      - x1[(i-1),d]
                                      - 1.0
                                      - x1[(i-1),d]
                            - 2.0
                            - ((i-1)-d)
                                      - x1[(i-1),d]
                                      - 1.0
                                      - x1[(i-1),d]