var: y[i,i]
term: - (i-d)
      - ((i-d)+1)
                - x[i,d]
                - y[i,i]
                - x[i,d]
      - y[i,i]
      - x[i,d]
src: \x. \y
    - (i-d)%3
            - (i-d)
                  - ((i-d)+1)
                            - x_1[i,d]
                            - y_1[i,i]
                            - x_1[i,d]
                  - y_1[i,i]
                  - x_1[i,d]
            - 4.0
new tree: \x. \y
    - (i-d)%3
            - (i-d)
                  - ((i-d)+1)
                            - x_1[i,d]
                            - (i-d)
                                  - ((i-d)+1)
                                            - x_1[i,d]
                                            - y_1[i,i]
                                            - x_1[i,d]
                                  - y_1[i,i]
                                  - x_1[i,d]
                            - x_1[i,d]
                  - (i-d)
                        - ((i-d)+1)
                                  - x_1[i,d]
                                  - y_1[i,i]
                                  - x_1[i,d]
                        - y_1[i,i]
                        - x_1[i,d]
                  - x_1[i,d]
            - 4.0
