\i. \d
    - (i-d)
          - ((i-d)+1)
                    - x_1[i,d]
                    - y[i,i]
                    - x_1[i,d]
          - y[i,i]
          - ((i-d)+1)
                    - x_1[i,d]
                    - y[i,i]
                    - x_1[i,d]
\i. \d
    - (i-d)
          - x_3[i,d]
          - y[i,i]
          - x_3[i,d]
- ((i-d)+1)
          - x_1[i,d]
          - y[i,i]
          - x_1[i,d]