def foo(z : R, x : R[3]):
  z_1 = \phi(True ? 4.2 : z)
  z_2 = \phi(True ? 2.0 : z_1)
------------------------ z_1 : 
                             - 4.2
                         z_2 : 
                             - 2.0