- ((i-d)+1)
          - x2[(i-1),d]
          - y[i,i]
          - x2[(i-1),d]
\i. \d
    - (i-d)
          - x3[i,d]
          - y[i,i]
          - x3[i,d]
\i. \d
    - (i-d)
          - ((i-d)+1)
                    - x2[(i-1),d]
                    - y[i,i]
                    - x2[(i-1),d]
          - y[i,i]
          - ((i-d)+1)
                    - x2[(i-1),d]
                    - y[i,i]
                    - x2[(i-1),d]
\i. \d
    - (i-d)
          - ((i-d)+1)
                    - y[i,i]
                    - y[i,i]
                    - y[i,i]
          - y[i,i]
          - ((i-d)+1)
                    - y[i,i]
                    - y[i,i]
                    - y[i,i]