\i. \N. \d
    - i
      - ⊥
      - x[d]
      - ((i-1)-d)
                - (((i-1)+d)-N)
                              - x1[(i-1),d]
                              - 3.0
                              - x1[(i-1),d]
                - 1.0
                - (((i-1)+d)-N)
                              - x1[(i-1),d]
                              - 3.0
                              - x1[(i-1),d]
\i. \N. \d
    - i
      - ⊥
      - x[d]
      - ((i-1)-d)
                - (((i-1)+d)-N)
                              - (-1*N+2*d)
                                         - x1[(i-1),d]
                                         - x1[(i-1),d]
                                         - x1[(i-1),d]
                              - 3.0
                              - ((-1*N+d)-1)
                                           - x1[(i-1),d]
                                           - x1[(i-1),d]
                                           - x1[(i-1),d]
                - 1.0
                - (((i-1)+d)-N)
                              - x1[(i-1),d]
                              - 3.0
                              - ((-1*N+d)-1)
                                           - (-1*N+2*d)
                                                      - x1[(i-1),d]
                                                      - x1[(i-1),d]
                                                      - x1[(i-1),d]
                                           - x1[(i-1),d]
                                           - x1[(i-1),d]
\i. \N. \d
    - (i-1)
          - ⊥
          - x[d]
          - (((i-1)-1)-d)
                        - ((((i-1)-1)+d)-N)
                                          - (-1*N+2*d)
                                                     - x1[((i-1)-1),d]
                                                     - x1[((i-1)-1),d]
                                                     - x1[((i-1)-1),d]
                                          - 3.0
                                          - ((-1*N+d)-1)
                                                       - x1[((i-1)-1),d]
                                                       - x1[((i-1)-1),d]
                                                       - x1[((i-1)-1),d]
                        - 1.0
                        - ((((i-1)-1)+d)-N)
                                          - x1[((i-1)-1),d]
                                          - 3.0
                                          - ((-1*N+d)-1)
                                                       - (-1*N+2*d)
                                                                  - x1[((i-1)-1),d]
                                                                  - x1[((i-1)-1),d]
                                                                  - x1[((i-1)-1),d]
                                                       - x1[((i-1)-1),d]
                                                       - x1[((i-1)-1),d]
\i. \N. \d
    - i
      - ⊥
      - x[d]
      - ((i-1)-d)
                - (((i-1)+d)-N)
                              - (-1*N+2*d)
                                         - x[d]
                                         - x[d]
                                         - x[d]
                              - 3.0
                              - ((-1*N+d)-1)
                                           - 3.0
                                           - x[d]
                                           - x[d]
                - 1.0
                - (((i-1)+d)-N)
                              - 1.0
                              - 3.0
                              - ((-1*N+d)-1)
                                           - (-1*N+2*d)
                                                      - 3.0
                                                      - 1.0
                                                      - 1.0
                                           - 1.0
                                           - 1.0
(i_6 < 0)? False : ((i_6 == 0)? x1_9 == const_array_xd_12 : ((i_6 + -1 + -1 * d_7 < 0)? ((i_6 + -1 * 1 + d_7 + -1 * N_8 < 0)? ((-1 * N_8 + 2 * d_7 < 0)? x1_9 == const_array_xd_12 : ((-1 * N_8 + 2 * d_7 == 0)? x1_9 == const_array_xd_12 : x1_9 == const_array_xd_12)) : ((i_6 + -1 * 1 + d_7 + -1 * N_8 == 0)? x1_9 == 3.0 : ((-1 * N_8 + d_7 + -1 < 0)? x1_9 == 3.0 : ((-1 * N_8 + d_7 + -1 == 0)? x1_9 == const_array_xd_12 : x1_9 == const_array_xd_12)))) : ((i_6 + -1 + -1 * d_7 == 0)? x1_9 == 1.0 : ((i_6 + -1 * 1 + d_7 + -1 * N_8 < 0)? x1_9 == 1.0 : ((i_6 + -1 * 1 + d_7 + -1 * N_8 == 0)? x1_9 == 3.0 : ((-1 * N_8 + d_7 + -1 < 0)? ((-1 * N_8 + 2 * d_7 < 0)? x1_9 == 3.0 : ((-1 * N_8 + 2 * d_7 == 0)? x1_9 == 1.0 : x1_9 == 1.0)) : ((-1 * N_8 + d_7 + -1 == 0)? x1_9 == 1.0 : x1_9 == 1.0)))))))